// Jest Snapshot v1, https://goo.gl/fbAQLP

exports[`Contact Us Page renders a snapshot 1`] = `<div />`;
