// Jest Snapshot v1, https://goo.gl/fbAQLP

exports[`Article Page Tests for JSX renders a snapshot 1`] = `
<div
  className="wrapper"
>
  <div
    className="center"
  >
    <div
      className="header"
    >
      <div
        className="logo floatleft"
      >
        <a
          href="/"
        >
          <img
            alt=""
            src="../public/images/logo copy.png"
          />
        </a>
      </div>
      <div
        className="top_menu floatleft"
      >
        <ul>
          <li>
            <a
              href="/"
            >
              Home
            </a>
          </li>
          <li>
            <a
              href="/about"
            >
              About Napp
            </a>
          </li>
          <li>
            <a
              href="/contact"
            >
              Contact us
            </a>
          </li>
          <li>
            <a
              onClick={[Function]}
              role="button"
            >
              Sign In with Google
            </a>
          </li>
        </ul>
      </div>
    </div>
    <ul />
    <button
      className="btn btn-info backer"
      onClick={[Function]}
    >
      Go back
    </button>
    <div>
      <div
        className="main_content2 floatleft"
      >
        <div
          className="left_coloum2 floatleft"
        >
          <br />
          <br />
          <ul>
            <div
              className="row"
            />
          </ul>
        </div>
        <div
          className="banner0-box"
        >
          <div
            className="banner0"
          >
            <div
              className="google"
            >
              <h2>
                Enjoying Napp?
              </h2>
              <p>
                Tweet at us using 
                <a>
                  @thenappjournal
                </a>
              </p>
            </div>
          </div>
        </div>
      </div>
      <br />
      <br />
    </div>
    <div
      className="footer_bottom_area"
    >
      <div
        className="copyright_text"
      >
        <p>
          Copyright Â© 2017 Napp. All rights reserved
        </p>
      </div>
    </div>
  </div>
</div>
`;
