// Jest Snapshot v1, https://goo.gl/fbAQLP

exports[`Contact Us Page renders a snapshot 1`] = `
<div
  className="main_menu_area"
>
  <ul
    id="nav"
  >
    <span
      className="u-id"
    />
  </ul>
</div>
`;
